// Jest Snapshot v1, https://goo.gl/fbAQLP

exports[`User (e2e) Should return a user 1`] = `
Object {
  "birthDate": "2022-07-17T21:18:37.789Z",
  "documentNo": "1111111111",
  "email": "example@example.com",
  "id": "1",
  "isActive": true,
  "name": "Test",
}
`;
